{
  "services": [
    {
      "url":"http://backend.com/path",
      "name": "Simple_API_overview",
      "plugins": [],
      "routes": [
        {
          "methods": ["GET"],
          "strip_path": false,
          "tags": ["OAS3_import", "OAS3file_api-with-examples.yaml"],
          "name": "x-kong-name-override-at-method",
          "paths": ["/$"]
        },
        {
          "methods": ["GET"],
          "strip_path": false,
          "tags": ["OAS3_import", "OAS3file_api-with-examples.yaml"],
          "name": "Simple_API_overview-x_kong_name_override_at_path_item-get",
          "paths": ["/v2$"]
        }
      ],
      "tags": ["OAS3_import", "OAS3file_api-with-examples.yaml"]
    }
  ],
  "upstreams": [
    {
      "tags": ["OAS3_import", "OAS3file_api-with-examples.yaml"],
      "name": "Simple_API_overview",
      "targets": [{"target": "backend.com:80"}]
    }
  ],
  "_format_version": "1.1"
}