{
  "_format_version": "1.1",
  "services": [
    {
      "host": "some.random.url",
      "name": "Testing_Circular",
      "path": "/",
      "plugins": [
        {
          "config": {
            "body_schema": "{}",
            "verbose_response": true,
            "version": "draft4"
          },
          "enabled": true,
          "name": "request-validator",
          "tags": ["OAS3_import", "OAS3file_circular-requestBody.yaml"]
        }
      ],
      "port": 443,
      "protocol": "https",
      "routes": [
        {
          "methods": ["POST"],
          "name": "Testing_Circular-testing-post",
          "paths": ["/testing$"],
          "plugins": [
            {
              "config": {
                "body_schema": "{}",
                "verbose_response": true,
                "version": "draft4"
              },
              "enabled": true,
              "name": "request-validator",
              "tags": ["OAS3_import", "OAS3file_circular-requestBody.yaml"]
            }
          ],
          "strip_path": false,
          "tags": ["OAS3_import", "OAS3file_circular-requestBody.yaml"]
        }
      ],
      "tags": ["OAS3_import", "OAS3file_circular-requestBody.yaml"]
    }
  ]
}
