{
  "services": [
    {
      "protocol": "http",
      "host": "Link_Example",
      "port": 80,
      "path": "/path",
      "name": "Link_Example",
      "plugins": [],
      "routes": [
        {
          "methods": ["GET"],
          "strip_path": false,
          "tags": ["OAS3_import", "OAS3file_link-example.yaml"],
          "name": "Link_Example-getUserByName",
          "paths": ["/2.0/users/(?<username>[^\\/\\s]+)$"]
        },
        {
          "methods": ["GET"],
          "strip_path": false,
          "tags": ["OAS3_import", "OAS3file_link-example.yaml"],
          "name": "Link_Example-getRepositoriesByOwner",
          "paths": ["/2.0/repositories/(?<username>[^\\/\\s]+)$"]
        },
        {
          "methods": ["GET"],
          "strip_path": false,
          "tags": ["OAS3_import", "OAS3file_link-example.yaml"],
          "name": "Link_Example-getRepository",
          "paths": [
            "/2.0/repositories/(?<username>[^\\/\\s]+)/(?<slug>[^\\/\\s]+)$"
          ]
        },
        {
          "methods": ["GET"],
          "strip_path": false,
          "tags": ["OAS3_import", "OAS3file_link-example.yaml"],
          "name": "Link_Example-getPullRequestsByRepository",
          "paths": [
            "/2.0/repositories/(?<username>[^\\/\\s]+)/(?<slug>[^\\/\\s]+)/pullrequests$"
          ]
        },
        {
          "methods": ["GET"],
          "strip_path": false,
          "tags": ["OAS3_import", "OAS3file_link-example.yaml"],
          "name": "Link_Example-getPullRequestsById",
          "paths": [
            "/2.0/repositories/(?<username>[^\\/\\s]+)/(?<slug>[^\\/\\s]+)/pullrequests/(?<pid>[^\\/\\s]+)$"
          ]
        },
        {
          "methods": ["POST"],
          "strip_path": false,
          "tags": ["OAS3_import", "OAS3file_link-example.yaml"],
          "name": "Link_Example-mergePullRequest",
          "paths": [
            "/2.0/repositories/(?<username>[^\\/\\s]+)/(?<slug>[^\\/\\s]+)/pullrequests/(?<pid>[^\\/\\s]+)/merge$"
          ]
        }
      ],
      "tags": ["OAS3_import", "OAS3file_link-example.yaml"]
    }
  ],
  "upstreams": [
    {
      "tags": ["OAS3_import", "OAS3file_link-example.yaml"],
      "name": "Link_Example",
      "targets": [
        {
          "target": "backend.com:80",
          "tags": ["OAS3_import", "OAS3file_link-example.yaml"]
        }
      ]
    }
  ],
  "_format_version": "1.1"
}
