{
  "services": [
    {
      "protocol": "http",
      "host": "Swagger_Petstore",
      "port": 80,
      "path": "/api",
      "name": "Swagger_Petstore",
      "plugins": [],
      "routes": [
        {
          "methods": ["GET"],
          "strip_path": false,
          "tags": ["OAS3_import", "OAS3file_petstore-expanded.yaml"],
          "name": "Swagger_Petstore-findPets",
          "paths": ["/pets$"]
        },
        {
          "methods": ["POST"],
          "strip_path": false,
          "tags": ["OAS3_import", "OAS3file_petstore-expanded.yaml"],
          "name": "Swagger_Petstore-addPet",
          "paths": ["/pets$"]
        },
        {
          "methods": ["GET"],
          "strip_path": false,
          "tags": ["OAS3_import", "OAS3file_petstore-expanded.yaml"],
          "name": "Swagger_Petstore-find_pet_by_id",
          "paths": ["/pets/(?<id>[^\\/\\s]+)$"]
        },
        {
          "methods": ["DELETE"],
          "strip_path": false,
          "tags": ["OAS3_import", "OAS3file_petstore-expanded.yaml"],
          "name": "Swagger_Petstore-deletePet",
          "paths": ["/pets/(?<id>[^\\/\\s]+)$"]
        }
      ],
      "tags": ["OAS3_import", "OAS3file_petstore-expanded.yaml"]
    }
  ],
  "upstreams": [
    {
      "tags": ["OAS3_import", "OAS3file_petstore-expanded.yaml"],
      "name": "Swagger_Petstore",
      "targets": [
        {
          "target": "petstore.swagger.io:80",
          "tags": ["OAS3_import", "OAS3file_petstore-expanded.yaml"]
        }
      ]
    }
  ],
  "_format_version": "1.1"
}
