// Jest Snapshot v1, https://goo.gl/fbAQLP

exports[`validateInsomniaConfig should return error if there is a config error 1`] = `
"Your Insomnia Config was found to be invalid.  Please check the path below for the following error:

[Path]
/mock/insomnia/config/path

[Error 1]
Path: path
message.  suggestion"
`;

exports[`validateInsomniaConfig should return error if there is a parse error 1`] = `
"Failed to parse JSON file for Insomnia Config.

[Path]
/mock/insomnia/config/path

[Syntax Error]
mock syntax error"
`;

exports[`validateInsomniaConfig should return error if there is an unexpected error 1`] = `"{\\"error\\":{\\"errors\\":[],\\"humanReadableErrors\\":[],\\"insomniaConfig\\":\\"{ \\\\\\"mock\\\\\\": [\\\\\\"insomnia\\\\\\", \\\\\\"config\\\\\\"] }\\",\\"configPath\\":\\"/mock/insomnia/config/path\\"}}"`;
